>>> Constant | Stack: [none, ]
>>> Print | Stack: [none, === Functions & Closures ===, ]
=== Functions & Closures ===
>>> Closure | Stack: [none, ]
DEBUG: created closure greet with 0 upvalues
>>> DefineGlobal | Stack: [none, <fn greet>, ]
>>> GetGlobal | Stack: [none, ]
>>> Constant | Stack: [none, <fn greet>, ]
>>> Call | Stack: [none, <fn greet>, Developer, ]
DEBUG: calling closure greet with 0 upvalues
>>> Constant | Stack: [none, <fn greet>, Developer, ]
>>> GetLocal | Stack: [none, <fn greet>, Developer, Hello, , ]
>>> Constant | Stack: [none, <fn greet>, Developer, Hello, , Developer, ]
>>> FormatString | Stack: [none, <fn greet>, Developer, Hello, , Developer, !, ]
>>> Print | Stack: [none, <fn greet>, Developer, Hello, Developer!, ]
Hello, Developer!
>>> None | Stack: [none, <fn greet>, Developer, ]
>>> Return | Stack: [none, <fn greet>, Developer, none, ]
>>> Pop | Stack: [none, none, ]
>>> Closure | Stack: [none, ]
DEBUG: created closure add with 0 upvalues
>>> DefineGlobal | Stack: [none, <fn add>, ]
>>> Constant | Stack: [none, ]
>>> GetGlobal | Stack: [none, add(5):, ]
>>> Constant | Stack: [none, add(5):, <fn add>, ]
>>> Call | Stack: [none, add(5):, <fn add>, 5, ]
DEBUG: calling closure add with 0 upvalues
>>> GetLocal | Stack: [none, add(5):, <fn add>, 5, ]
>>> GetLocal | Stack: [none, add(5):, <fn add>, 5, 5, ]
>>> Add | Stack: [none, add(5):, <fn add>, 5, 5, 5, ]
>>> Return | Stack: [none, add(5):, <fn add>, 5, 10, ]
>>> Print | Stack: [none, add(5):, 10, ]
add(5): 10
>>> Constant | Stack: [none, ]
>>> GetGlobal | Stack: [none, add(5, 7):, ]
>>> Constant | Stack: [none, add(5, 7):, <fn add>, ]
>>> Constant | Stack: [none, add(5, 7):, <fn add>, 5, ]
>>> Call | Stack: [none, add(5, 7):, <fn add>, 5, 7, ]
DEBUG: calling closure add with 0 upvalues
>>> GetLocal | Stack: [none, add(5, 7):, <fn add>, 5, 7, ]
>>> GetLocal | Stack: [none, add(5, 7):, <fn add>, 5, 7, 5, ]
>>> Add | Stack: [none, add(5, 7):, <fn add>, 5, 7, 5, 7, ]
>>> Return | Stack: [none, add(5, 7):, <fn add>, 5, 7, 12, ]
>>> Print | Stack: [none, add(5, 7):, 12, ]
add(5, 7): 12
>>> Constant | Stack: [none, ]
>>> Print | Stack: [none, Testing closure:, ]
Testing closure:
>>> Closure | Stack: [none, ]
DEBUG: created closure make_counter with 0 upvalues
>>> DefineGlobal | Stack: [none, <fn make_counter>, ]
>>> GetGlobal | Stack: [none, ]
>>> Call | Stack: [none, <fn make_counter>, ]
DEBUG: calling closure make_counter with 0 upvalues
>>> Constant | Stack: [none, <fn make_counter>, ]
>>> Closure | Stack: [none, <fn make_counter>, 0, ]
DEBUG: created closure increment with 1 upvalues
>>> GetLocal | Stack: [none, <fn make_counter>, 0, <fn increment>, ]
>>> Return | Stack: [none, <fn make_counter>, 0, <fn increment>, <fn increment>, ]
>>> DefineGlobal | Stack: [none, <fn increment>, ]
>>> Constant | Stack: [none, ]
>>> GetGlobal | Stack: [none, Counter 1:, ]
>>> Call | Stack: [none, Counter 1:, <fn increment>, ]
DEBUG: calling closure increment with 1 upvalues
>>> GetUpvalue | Stack: [none, Counter 1:, <fn increment>, ]
>>> Constant | Stack: [none, Counter 1:, <fn increment>, 0, ]
>>> Add | Stack: [none, Counter 1:, <fn increment>, 0, 1, ]
>>> SetUpvalue | Stack: [none, Counter 1:, <fn increment>, 1, ]
>>> GetUpvalue | Stack: [none, Counter 1:, <fn increment>, 1, ]
>>> Return | Stack: [none, Counter 1:, <fn increment>, 1, 1, ]
>>> Print | Stack: [none, Counter 1:, 1, ]
Counter 1: 1
>>> Constant | Stack: [none, ]
>>> GetGlobal | Stack: [none, Counter 1:, ]
>>> Call | Stack: [none, Counter 1:, <fn increment>, ]
DEBUG: calling closure increment with 1 upvalues
>>> GetUpvalue | Stack: [none, Counter 1:, <fn increment>, ]
>>> Constant | Stack: [none, Counter 1:, <fn increment>, 1, ]
>>> Add | Stack: [none, Counter 1:, <fn increment>, 1, 1, ]
>>> SetUpvalue | Stack: [none, Counter 1:, <fn increment>, 2, ]
>>> GetUpvalue | Stack: [none, Counter 1:, <fn increment>, 2, ]
>>> Return | Stack: [none, Counter 1:, <fn increment>, 2, 2, ]
>>> Print | Stack: [none, Counter 1:, 2, ]
Counter 1: 2
>>> GetGlobal | Stack: [none, ]
>>> Call | Stack: [none, <fn make_counter>, ]
DEBUG: calling closure make_counter with 0 upvalues
>>> Constant | Stack: [none, <fn make_counter>, ]
>>> Closure | Stack: [none, <fn make_counter>, 0, ]
DEBUG: created closure increment with 1 upvalues
>>> GetLocal | Stack: [none, <fn make_counter>, 0, <fn increment>, ]
>>> Return | Stack: [none, <fn make_counter>, 0, <fn increment>, <fn increment>, ]
>>> DefineGlobal | Stack: [none, <fn increment>, ]
>>> Constant | Stack: [none, ]
>>> GetGlobal | Stack: [none, Counter 2:, ]
>>> Call | Stack: [none, Counter 2:, <fn increment>, ]
DEBUG: calling closure increment with 1 upvalues
>>> GetUpvalue | Stack: [none, Counter 2:, <fn increment>, ]
>>> Constant | Stack: [none, Counter 2:, <fn increment>, 0, ]
>>> Add | Stack: [none, Counter 2:, <fn increment>, 0, 1, ]
>>> SetUpvalue | Stack: [none, Counter 2:, <fn increment>, 1, ]
>>> GetUpvalue | Stack: [none, Counter 2:, <fn increment>, 1, ]
>>> Return | Stack: [none, Counter 2:, <fn increment>, 1, 1, ]
>>> Print | Stack: [none, Counter 2:, 1, ]
Counter 2: 1
>>> Closure | Stack: [none, ]
DEBUG: created closure <lambda> with 0 upvalues
>>> DefineGlobal | Stack: [none, <fn <lambda>>, ]
>>> Constant | Stack: [none, ]
>>> GetGlobal | Stack: [none, Lambda double(4):, ]
>>> Constant | Stack: [none, Lambda double(4):, <fn <lambda>>, ]
>>> Call | Stack: [none, Lambda double(4):, <fn <lambda>>, 4, ]
DEBUG: calling closure <lambda> with 0 upvalues
>>> GetLocal | Stack: [none, Lambda double(4):, <fn <lambda>>, 4, ]
>>> Constant | Stack: [none, Lambda double(4):, <fn <lambda>>, 4, 4, ]
>>> Multiply | Stack: [none, Lambda double(4):, <fn <lambda>>, 4, 4, 2, ]
>>> Return | Stack: [none, Lambda double(4):, <fn <lambda>>, 4, 8, ]
>>> Print | Stack: [none, Lambda double(4):, 8, ]
Lambda double(4): 8
>>> Closure | Stack: [none, ]
DEBUG: created closure apply_tax with 0 upvalues
>>> DefineGlobal | Stack: [none, <fn apply_tax>, ]
>>> Closure | Stack: [none, ]
DEBUG: created closure format_currency with 0 upvalues
>>> DefineGlobal | Stack: [none, <fn format_currency>, ]
>>> Constant | Stack: [none, ]
>>> DefineGlobal | Stack: [none, 100, ]
>>> GetGlobal | Stack: [none, ]
>>> GetGlobal | Stack: [none, 100, ]
>>> GetGlobal | Stack: [none, 100, <fn apply_tax>, ]
>>> DefineGlobal | Stack: [none, 100, <fn apply_tax>, <fn format_currency>, ]
>>> Constant | Stack: [none, 100, <fn apply_tax>, ]
>>> GetGlobal | Stack: [none, 100, <fn apply_tax>, Chained pipe operator result:, ]
>>> Print | Stack: [none, 100, <fn apply_tax>, Chained pipe operator result:, <fn format_currency>, ]
Chained pipe operator result: <fn format_currency>
>>> None | Stack: [none, 100, <fn apply_tax>, ]
>>> Return | Stack: [none, 100, <fn apply_tax>, none, ]
