>>> Constant | Stack: [none, ]
>>> Print | Stack: [none, === Functions & Closures ===, ]
=== Functions & Closures ===
>>> Closure | Stack: [none, ]
>>> DefineGlobal | Stack: [none, <fn greet>, ]
>>> GetGlobal | Stack: [none, ]
>>> Constant | Stack: [none, <fn greet>, ]
>>> Call | Stack: [none, <fn greet>, Developer, ]
>>> Constant | Stack: [none, <fn greet>, Developer, ]
>>> GetLocal | Stack: [none, <fn greet>, Developer, Hello, , ]
>>> Constant | Stack: [none, <fn greet>, Developer, Hello, , Developer, ]
>>> FormatString | Stack: [none, <fn greet>, Developer, Hello, , Developer, !, ]
>>> Print | Stack: [none, <fn greet>, Developer, Hello, Developer!, ]
Hello, Developer!
>>> None | Stack: [none, <fn greet>, Developer, ]
>>> Return | Stack: [none, <fn greet>, Developer, none, ]
>>> Pop | Stack: [none, none, ]
>>> Closure | Stack: [none, ]
>>> DefineGlobal | Stack: [none, <fn add>, ]
>>> Constant | Stack: [none, ]
>>> GetGlobal | Stack: [none, add(5):, ]
>>> Constant | Stack: [none, add(5):, <fn add>, ]
>>> Call | Stack: [none, add(5):, <fn add>, 5, ]
>>> GetLocal | Stack: [none, add(5):, <fn add>, 5, ]
>>> GetLocal | Stack: [none, add(5):, <fn add>, 5, 5, ]
>>> Add | Stack: [none, add(5):, <fn add>, 5, 5, 5, ]
>>> Return | Stack: [none, add(5):, <fn add>, 5, 10, ]
>>> Print | Stack: [none, add(5):, 10, ]
add(5): 10
>>> Constant | Stack: [none, ]
>>> GetGlobal | Stack: [none, add(5, 7):, ]
>>> Constant | Stack: [none, add(5, 7):, <fn add>, ]
>>> Constant | Stack: [none, add(5, 7):, <fn add>, 5, ]
>>> Call | Stack: [none, add(5, 7):, <fn add>, 5, 7, ]
>>> GetLocal | Stack: [none, add(5, 7):, <fn add>, 5, 7, ]
>>> GetLocal | Stack: [none, add(5, 7):, <fn add>, 5, 7, 5, ]
>>> Add | Stack: [none, add(5, 7):, <fn add>, 5, 7, 5, 7, ]
>>> Return | Stack: [none, add(5, 7):, <fn add>, 5, 7, 12, ]
>>> Print | Stack: [none, add(5, 7):, 12, ]
add(5, 7): 12
>>> Constant | Stack: [none, ]
>>> Print | Stack: [none, Testing closure:, ]
Testing closure:
>>> Closure | Stack: [none, ]
>>> DefineGlobal | Stack: [none, <fn make_counter>, ]
>>> GetGlobal | Stack: [none, ]
>>> Call | Stack: [none, <fn make_counter>, ]
>>> Constant | Stack: [none, <fn make_counter>, ]
>>> Closure | Stack: [none, <fn make_counter>, 0, ]
>>> GetLocal | Stack: [none, <fn make_counter>, 0, <fn increment>, ]
>>> Return | Stack: [none, <fn make_counter>, 0, <fn increment>, <fn increment>, ]
>>> DefineGlobal | Stack: [none, <fn increment>, ]
>>> Constant | Stack: [none, ]
>>> GetGlobal | Stack: [none, Counter 1:, ]
>>> Call | Stack: [none, Counter 1:, <fn increment>, ]
>>> GetUpvalue | Stack: [none, Counter 1:, <fn increment>, ]
tech : 
At line:1 char:15
+ $env:TRACE=1; tech 
04_functions.txs > trace_func.log 
2>&1
+               ~~~~~~~~~~~~~~~~~~~~
~~~~~~~~~~~~~~~~~~~~~~~
    + CategoryInfo          : NotSp 
   ecified: (:String) [], RemoteEx  
  ception
    + FullyQualifiedErrorId : Nativ 
   eCommandError
 
thread 'main' (12340) panicked at 
src\vm.rs:143:67:
index out of bounds: the len is 0 
but the index is 0
stack backtrace:
   0: __rustc::rust_begin_unwind
   1: core::panicking::panic_fmt
   2: 
core::panicking::panic_bounds_check
   3: techscript::vm::VM::execute
   4: techscript::run_file
   5: techscript::main
note: Some details are omitted, run 
with `RUST_BACKTRACE=full` for a 
verbose backtrace.
